[0m20:38:14.580549 [debug] [MainThread]: Sending event: {'category': 'dbt', 'action': 'invocation', 'label': 'start', 'context': [<snowplow_tracker.self_describing_json.SelfDescribingJson object at 0x00000235DA2CE660>, <snowplow_tracker.self_describing_json.SelfDescribingJson object at 0x00000235D7E79090>, <snowplow_tracker.self_describing_json.SelfDescribingJson object at 0x00000235DCC73890>]}


============================== 20:38:14.587142 | 2ddadd50-adcc-45e7-8df5-f933022bd09f ==============================
[0m20:38:14.587142 [info ] [MainThread]: Running with dbt=1.12.5
[0m20:38:14.587756 [debug] [MainThread]: running dbt with arguments {'version_check': 'True', 'no_print': 'None', 'maximum_seed_size_mib': '1', 'warn_error_options': 'WarnErrorOptionsV2(error=[], warn=[], silence=[])', 'target_path': 'None', 'static_parser': 'True', 'printer_width': '80', 'write_json': 'True', 'empty': 'None', 'log_cache_events': 'False', 'introspect': 'True', 'cache_selected_only': 'False', 'log_format': 'default', 'debug': 'False', 'fail_fast': 'False', 'partial_parse': 'True', 'send_anonymous_usage_stats': 'True', 'quiet': 'False', 'warn_error': 'None', 'profiles_dir': 'C:\\Users\\anant\\.dbt', 'use_colors': 'True', 'hints_enabled': 'True', 'indirect_selection': 'eager', 'use_experimental_parser': 'False', 'invocation_command': 'dbt debug', 'log_path': 'logs'}
[0m20:38:14.633486 [info ] [MainThread]: dbt version: 1.12.5
[0m20:38:14.634294 [info ] [MainThread]: python version: 3.14.7
[0m20:38:14.634901 [info ] [MainThread]: python path: C:\Users\anant\AppData\Local\Programs\Python\Python314\python.exe
[0m20:38:14.635581 [info ] [MainThread]: os info: Windows-11-10.0.26200-SP0
[0m20:38:16.395193 [info ] [MainThread]: Using profiles dir at C:\Users\anant\.dbt
[0m20:38:16.397726 [info ] [MainThread]: Using profiles.yml file at C:\Users\anant\.dbt\profiles.yml
[0m20:38:16.398143 [info ] [MainThread]: Using dbt_project.yml file at C:\Users\anant\Pipeline-assessment-20260926\dbt_project.yml
[0m20:38:16.398482 [info ] [MainThread]: adapter type: bigquery
[0m20:38:16.398759 [info ] [MainThread]: adapter version: 1.12.1
[0m20:38:16.399128 [info ] [MainThread]: Configuration:
[0m20:38:16.399611 [info ] [MainThread]:   profiles.yml file [[32mOK found and valid[0m]
[0m20:38:16.400003 [info ] [MainThread]:   dbt_project.yml file [[31mERROR not found[0m]
[0m20:38:16.400374 [info ] [MainThread]: Required dependencies:
[0m20:38:16.400784 [debug] [MainThread]: Executing "git --help"
[0m20:38:16.449192 [debug] [MainThread]: STDOUT: "b"usage: git [-v | --version] [-h | --help] [-C <path>] [-c <name>=<value>]\n           [--exec-path[=<path>]] [--html-path] [--man-path] [--info-path]\n           [-p | --paginate | -P | --no-pager] [--no-replace-objects] [--bare]\n           [--git-dir=<path>] [--work-tree=<path>] [--namespace=<name>]\n           [--config-env=<name>=<envvar>] <command> [<args>]\n\nThese are common Git commands used in various situations:\n\nstart a working area (see also: git help tutorial)\n   clone     Clone a repository into a new directory\n   init      Create an empty Git repository or reinitialize an existing one\n\nwork on the current change (see also: git help everyday)\n   add       Add file contents to the index\n   mv        Move or rename a file, a directory, or a symlink\n   restore   Restore working tree files\n   rm        Remove files from the working tree and from the index\n\nexamine the history and state (see also: git help revisions)\n   bisect    Use binary search to find the commit that introduced a bug\n   diff      Show changes between commits, commit and working tree, etc\n   grep      Print lines matching a pattern\n   log       Show commit logs\n   show      Show various types of objects\n   status    Show the working tree status\n\ngrow, mark and tweak your common history\n   branch    List, create, or delete branches\n   commit    Record changes to the repository\n   merge     Join two or more development histories together\n   rebase    Reapply commits on top of another base tip\n   reset     Reset current HEAD to the specified state\n   switch    Switch branches\n   tag       Create, list, delete or verify a tag object signed with GPG\n\ncollaborate (see also: git help workflows)\n   fetch     Download objects and refs from another repository\n   pull      Fetch from and integrate with another repository or a local branch\n   push      Update remote refs along with associated objects\n\n'git help -a' and 'git help -g' list available subcommands and some\nconcept guides. See 'git help <command>' or 'git help <concept>'\nto read about a specific subcommand or concept.\nSee 'git help git' for an overview of the system.\n""
[0m20:38:16.449642 [debug] [MainThread]: STDERR: "b''"
[0m20:38:16.450002 [info ] [MainThread]:  - git [[32mOK found[0m]

[0m20:38:16.450341 [info ] [MainThread]: Connection:
[0m20:38:16.450645 [info ] [MainThread]:   method: service-account
[0m20:38:16.451216 [info ] [MainThread]:   database: assessment-28596
[0m20:38:16.451601 [info ] [MainThread]:   execution_project: assessment-28596
[0m20:38:16.452009 [info ] [MainThread]:   schema: ga4_obfuscated_sample_ecommerce
[0m20:38:16.452305 [info ] [MainThread]:   location: US
[0m20:38:16.452576 [info ] [MainThread]:   priority: interactive
[0m20:38:16.452847 [info ] [MainThread]:   maximum_bytes_billed: None
[0m20:38:16.453108 [info ] [MainThread]:   reservation: None
[0m20:38:16.453380 [info ] [MainThread]:   impersonate_service_account: None
[0m20:38:16.453642 [info ] [MainThread]:   job_retry_deadline_seconds: None
[0m20:38:16.453905 [info ] [MainThread]:   job_retries: 1
[0m20:38:16.454195 [info ] [MainThread]:   job_creation_timeout_seconds: None
[0m20:38:16.454469 [info ] [MainThread]:   job_execution_timeout_seconds: 300
[0m20:38:16.454733 [info ] [MainThread]:   job_link_info_level_log: False
[0m20:38:16.455003 [info ] [MainThread]:   timeout_seconds: 300
[0m20:38:16.455413 [info ] [MainThread]:   client_id: None
[0m20:38:16.455816 [info ] [MainThread]:   token_uri: None
[0m20:38:16.456214 [info ] [MainThread]:   compute_region: None
[0m20:38:16.456690 [info ] [MainThread]:   dataproc_cluster_name: None
[0m20:38:16.457243 [info ] [MainThread]:   gcs_bucket: None
[0m20:38:16.457666 [info ] [MainThread]:   dataproc_batch: None
[0m20:38:16.458442 [info ] [MainThread]: Registered adapter: bigquery=1.12.1
[0m20:38:16.870232 [debug] [MainThread]: Acquiring new bigquery connection 'debug'
[0m20:38:16.870591 [debug] [MainThread]: On debug: select 1 as id
[0m20:38:16.870914 [debug] [MainThread]: Opening a new connection, currently in state init
[0m20:38:18.550348 [debug] [MainThread]: BigQuery adapter: https://console.cloud.google.com/bigquery?project=assessment-28596&j=bq:US:fd4f34a4-88e2-4bdd-9e0f-91d14cf19c57&page=queryresults
[0m20:38:19.189111 [debug] [MainThread]: SQL status: OK in 0.638 seconds
[0m20:38:19.830559 [info ] [MainThread]:   Connection test: [[32mOK connection ok[0m]

[0m20:38:19.831695 [info ] [MainThread]: [31m1 check failed:[0m
[0m20:38:19.832507 [info ] [MainThread]: Project loading failed for the following reason:
 project path <C:\Users\anant\Pipeline-assessment-20260926\dbt_project.yml> not found

[0m20:38:19.834317 [debug] [MainThread]: Command `dbt debug` failed at 20:38:19.834118 after 5.47 seconds
[0m20:38:19.834841 [debug] [MainThread]: Connection 'debug' was properly closed.
[0m20:38:19.835417 [debug] [MainThread]: Sending event: {'category': 'dbt', 'action': 'invocation', 'label': 'end', 'context': [<snowplow_tracker.self_describing_json.SelfDescribingJson object at 0x00000235EEB89BA0>, <snowplow_tracker.self_describing_json.SelfDescribingJson object at 0x00000235D7B95130>, <snowplow_tracker.self_describing_json.SelfDescribingJson object at 0x00000235EEB56E00>]}
[0m20:38:19.836010 [debug] [MainThread]: Flushing usage events
[0m20:38:21.042682 [debug] [MainThread]: An error was encountered while trying to flush usage events
==================== 2026-09-26T16:41:38.089140Z | 01a0de97-fe23-79a1-881a-5721a17f0af5 ====================
